// Jest Snapshot v1, https://goo.gl/fbAQLP

exports[`LocationsUi should render 1`] = `
<DocumentFragment>
  <div
    class="sw-container__rows-wrapper"
  >
    <div
      class="sw-pagination-section"
      data-testid="pagination-section"
    >
      <div
        class="sw-pagination-button sw-pagination-button--hidden"
        data-testid="left-pagination-button"
      >
        ←
      </div>
      <div
        class="sw-pagination-button sw-pagination-button--hidden"
        data-testid="right-pagination-button"
      >
        →
      </div>
    </div>
    <div
      class="sw-locations"
    >
      <div
        class="sw-locations-card"
      >
        <div
          class="sw-locations-card__tile"
        >
          <a
            class="sw-locations-card__tile__link"
            href="/location/1"
          >
            <h5
              class="sw-locations-card__tile__link__text"
            >
              Location1
            </h5>
            <div
              class="sw-locations-card__tile__link__image-wrapper"
            >
              <div
                class="sw-locations-card__tile__link__image-wrapper__display-spinner"
              >
                <div
                  class="sw-spinner"
                >
                  <span
                    style="display: inherit; position: relative; width: 25px; height: 5px; overflow: hidden; background-color: black; background-clip: padding-box; border-radius: 5px;"
                  >
                    <span
                      style="position: absolute; height: 5px; overflow: hidden; background-color: rgb(0, 0, 0); background-clip: padding-box; display: block; border-radius: 2px; will-change: left, right; animation-fill-mode: forwards; animation: react-spinners-BarLoader-long Infinitys  cubic-bezier(0.65, 0.815, 0.735, 0.395) infinite;"
                    />
                    <span
                      style="position: absolute; height: 5px; overflow: hidden; background-color: rgb(0, 0, 0); background-clip: padding-box; display: block; border-radius: 2px; will-change: left, right; animation-fill-mode: forwards; animation: react-spinners-BarLoader-short Infinitys Infinitys cubic-bezier(0.165, 0.84, 0.44, 1) infinite;"
                    />
                  </span>
                  <span
                    style="display: inherit; position: relative; width: 100px; height: 5px; overflow: hidden; background-color: rgba(0, 0, 0, 0.2); background-clip: padding-box; border-radius: 5px;"
                  >
                    <span
                      style="position: absolute; height: 5px; overflow: hidden; background-color: rgb(0, 0, 0); background-clip: padding-box; display: block; border-radius: 2px; will-change: left, right; animation-fill-mode: forwards; animation: react-spinners-BarLoader-long 2.1s  cubic-bezier(0.65, 0.815, 0.735, 0.395) infinite;"
                    />
                    <span
                      style="position: absolute; height: 5px; overflow: hidden; background-color: rgb(0, 0, 0); background-clip: padding-box; display: block; border-radius: 2px; will-change: left, right; animation-fill-mode: forwards; animation: react-spinners-BarLoader-short 2.1s 1.15s cubic-bezier(0.165, 0.84, 0.44, 1) infinite;"
                    />
                  </span>
                </div>
              </div>
              <img
                alt="Star wars planet"
                class="sw-locations-card__tile__link__image-wrapper__hide_img"
                src="./locations/1.jpg"
              />
            </div>
          </a>
        </div>
      </div>
      <div
        class="sw-locations-card"
      >
        <div
          class="sw-locations-card__tile"
        >
          <a
            class="sw-locations-card__tile__link"
            href="/location/2"
          >
            <h5
              class="sw-locations-card__tile__link__text"
            >
              Location2
            </h5>
            <div
              class="sw-locations-card__tile__link__image-wrapper"
            >
              <div
                class="sw-locations-card__tile__link__image-wrapper__display-spinner"
              >
                <div
                  class="sw-spinner"
                >
                  <span
                    style="display: inherit; position: relative; width: 25px; height: 5px; overflow: hidden; background-color: black; background-clip: padding-box; border-radius: 5px;"
                  >
                    <span
                      style="position: absolute; height: 5px; overflow: hidden; background-color: rgb(0, 0, 0); background-clip: padding-box; display: block; border-radius: 2px; will-change: left, right; animation-fill-mode: forwards; animation: react-spinners-BarLoader-long Infinitys  cubic-bezier(0.65, 0.815, 0.735, 0.395) infinite;"
                    />
                    <span
                      style="position: absolute; height: 5px; overflow: hidden; background-color: rgb(0, 0, 0); background-clip: padding-box; display: block; border-radius: 2px; will-change: left, right; animation-fill-mode: forwards; animation: react-spinners-BarLoader-short Infinitys Infinitys cubic-bezier(0.165, 0.84, 0.44, 1) infinite;"
                    />
                  </span>
                  <span
                    style="display: inherit; position: relative; width: 100px; height: 5px; overflow: hidden; background-color: rgba(0, 0, 0, 0.2); background-clip: padding-box; border-radius: 5px;"
                  >
                    <span
                      style="position: absolute; height: 5px; overflow: hidden; background-color: rgb(0, 0, 0); background-clip: padding-box; display: block; border-radius: 2px; will-change: left, right; animation-fill-mode: forwards; animation: react-spinners-BarLoader-long 2.1s  cubic-bezier(0.65, 0.815, 0.735, 0.395) infinite;"
                    />
                    <span
                      style="position: absolute; height: 5px; overflow: hidden; background-color: rgb(0, 0, 0); background-clip: padding-box; display: block; border-radius: 2px; will-change: left, right; animation-fill-mode: forwards; animation: react-spinners-BarLoader-short 2.1s 1.15s cubic-bezier(0.165, 0.84, 0.44, 1) infinite;"
                    />
                  </span>
                </div>
              </div>
              <img
                alt="Star wars planet"
                class="sw-locations-card__tile__link__image-wrapper__hide_img"
                src="./locations/2.jpg"
              />
            </div>
          </a>
        </div>
      </div>
      <div
        class="sw-locations-card"
      >
        <div
          class="sw-locations-card__tile"
        >
          <a
            class="sw-locations-card__tile__link"
            href="/location/3"
          >
            <h5
              class="sw-locations-card__tile__link__text"
            >
              Location3
            </h5>
            <div
              class="sw-locations-card__tile__link__image-wrapper"
            >
              <div
                class="sw-locations-card__tile__link__image-wrapper__display-spinner"
              >
                <div
                  class="sw-spinner"
                >
                  <span
                    style="display: inherit; position: relative; width: 25px; height: 5px; overflow: hidden; background-color: black; background-clip: padding-box; border-radius: 5px;"
                  >
                    <span
                      style="position: absolute; height: 5px; overflow: hidden; background-color: rgb(0, 0, 0); background-clip: padding-box; display: block; border-radius: 2px; will-change: left, right; animation-fill-mode: forwards; animation: react-spinners-BarLoader-long Infinitys  cubic-bezier(0.65, 0.815, 0.735, 0.395) infinite;"
                    />
                    <span
                      style="position: absolute; height: 5px; overflow: hidden; background-color: rgb(0, 0, 0); background-clip: padding-box; display: block; border-radius: 2px; will-change: left, right; animation-fill-mode: forwards; animation: react-spinners-BarLoader-short Infinitys Infinitys cubic-bezier(0.165, 0.84, 0.44, 1) infinite;"
                    />
                  </span>
                  <span
                    style="display: inherit; position: relative; width: 100px; height: 5px; overflow: hidden; background-color: rgba(0, 0, 0, 0.2); background-clip: padding-box; border-radius: 5px;"
                  >
                    <span
                      style="position: absolute; height: 5px; overflow: hidden; background-color: rgb(0, 0, 0); background-clip: padding-box; display: block; border-radius: 2px; will-change: left, right; animation-fill-mode: forwards; animation: react-spinners-BarLoader-long 2.1s  cubic-bezier(0.65, 0.815, 0.735, 0.395) infinite;"
                    />
                    <span
                      style="position: absolute; height: 5px; overflow: hidden; background-color: rgb(0, 0, 0); background-clip: padding-box; display: block; border-radius: 2px; will-change: left, right; animation-fill-mode: forwards; animation: react-spinners-BarLoader-short 2.1s 1.15s cubic-bezier(0.165, 0.84, 0.44, 1) infinite;"
                    />
                  </span>
                </div>
              </div>
              <img
                alt="Star wars planet"
                class="sw-locations-card__tile__link__image-wrapper__hide_img"
                src="./locations/3.jpg"
              />
            </div>
          </a>
        </div>
      </div>
      <div
        class="sw-locations-card"
      >
        <div
          class="sw-locations-card__tile"
        >
          <a
            class="sw-locations-card__tile__link"
            href="/location/4"
          >
            <h5
              class="sw-locations-card__tile__link__text"
            >
              Location4
            </h5>
            <div
              class="sw-locations-card__tile__link__image-wrapper"
            >
              <div
                class="sw-locations-card__tile__link__image-wrapper__display-spinner"
              >
                <div
                  class="sw-spinner"
                >
                  <span
                    style="display: inherit; position: relative; width: 25px; height: 5px; overflow: hidden; background-color: black; background-clip: padding-box; border-radius: 5px;"
                  >
                    <span
                      style="position: absolute; height: 5px; overflow: hidden; background-color: rgb(0, 0, 0); background-clip: padding-box; display: block; border-radius: 2px; will-change: left, right; animation-fill-mode: forwards; animation: react-spinners-BarLoader-long Infinitys  cubic-bezier(0.65, 0.815, 0.735, 0.395) infinite;"
                    />
                    <span
                      style="position: absolute; height: 5px; overflow: hidden; background-color: rgb(0, 0, 0); background-clip: padding-box; display: block; border-radius: 2px; will-change: left, right; animation-fill-mode: forwards; animation: react-spinners-BarLoader-short Infinitys Infinitys cubic-bezier(0.165, 0.84, 0.44, 1) infinite;"
                    />
                  </span>
                  <span
                    style="display: inherit; position: relative; width: 100px; height: 5px; overflow: hidden; background-color: rgba(0, 0, 0, 0.2); background-clip: padding-box; border-radius: 5px;"
                  >
                    <span
                      style="position: absolute; height: 5px; overflow: hidden; background-color: rgb(0, 0, 0); background-clip: padding-box; display: block; border-radius: 2px; will-change: left, right; animation-fill-mode: forwards; animation: react-spinners-BarLoader-long 2.1s  cubic-bezier(0.65, 0.815, 0.735, 0.395) infinite;"
                    />
                    <span
                      style="position: absolute; height: 5px; overflow: hidden; background-color: rgb(0, 0, 0); background-clip: padding-box; display: block; border-radius: 2px; will-change: left, right; animation-fill-mode: forwards; animation: react-spinners-BarLoader-short 2.1s 1.15s cubic-bezier(0.165, 0.84, 0.44, 1) infinite;"
                    />
                  </span>
                </div>
              </div>
              <img
                alt="Star wars planet"
                class="sw-locations-card__tile__link__image-wrapper__hide_img"
                src="./locations/4.jpg"
              />
            </div>
          </a>
        </div>
      </div>
      <div
        class="sw-locations-card"
      >
        <div
          class="sw-locations-card__tile"
        >
          <a
            class="sw-locations-card__tile__link"
            href="/location/5"
          >
            <h5
              class="sw-locations-card__tile__link__text"
            >
              Location5
            </h5>
            <div
              class="sw-locations-card__tile__link__image-wrapper"
            >
              <div
                class="sw-locations-card__tile__link__image-wrapper__display-spinner"
              >
                <div
                  class="sw-spinner"
                >
                  <span
                    style="display: inherit; position: relative; width: 25px; height: 5px; overflow: hidden; background-color: black; background-clip: padding-box; border-radius: 5px;"
                  >
                    <span
                      style="position: absolute; height: 5px; overflow: hidden; background-color: rgb(0, 0, 0); background-clip: padding-box; display: block; border-radius: 2px; will-change: left, right; animation-fill-mode: forwards; animation: react-spinners-BarLoader-long Infinitys  cubic-bezier(0.65, 0.815, 0.735, 0.395) infinite;"
                    />
                    <span
                      style="position: absolute; height: 5px; overflow: hidden; background-color: rgb(0, 0, 0); background-clip: padding-box; display: block; border-radius: 2px; will-change: left, right; animation-fill-mode: forwards; animation: react-spinners-BarLoader-short Infinitys Infinitys cubic-bezier(0.165, 0.84, 0.44, 1) infinite;"
                    />
                  </span>
                  <span
                    style="display: inherit; position: relative; width: 100px; height: 5px; overflow: hidden; background-color: rgba(0, 0, 0, 0.2); background-clip: padding-box; border-radius: 5px;"
                  >
                    <span
                      style="position: absolute; height: 5px; overflow: hidden; background-color: rgb(0, 0, 0); background-clip: padding-box; display: block; border-radius: 2px; will-change: left, right; animation-fill-mode: forwards; animation: react-spinners-BarLoader-long 2.1s  cubic-bezier(0.65, 0.815, 0.735, 0.395) infinite;"
                    />
                    <span
                      style="position: absolute; height: 5px; overflow: hidden; background-color: rgb(0, 0, 0); background-clip: padding-box; display: block; border-radius: 2px; will-change: left, right; animation-fill-mode: forwards; animation: react-spinners-BarLoader-short 2.1s 1.15s cubic-bezier(0.165, 0.84, 0.44, 1) infinite;"
                    />
                  </span>
                </div>
              </div>
              <img
                alt="Star wars planet"
                class="sw-locations-card__tile__link__image-wrapper__hide_img"
                src="./locations/5.jpg"
              />
            </div>
          </a>
        </div>
      </div>
    </div>
  </div>
</DocumentFragment>
`;
