// Jest Snapshot v1, https://goo.gl/fbAQLP

exports[`Header should render 1`] = `
<DocumentFragment>
  <header
    class="sw-header"
  >
    <h2
      class="sw-header-logo"
    >
      STAR WARS
      <br />
      DEMOPEDIA
    </h2>
    <div
      class="sw-nav"
    >
      <ul
        class="sw-nav__links"
      >
        <li
          class="sw-nav__links__item"
        >
          <a
            class="sw-nav__links__item__link"
            href="/characters"
          >
            Characters
          </a>
        </li>
        <li
          class="sw-nav__links__item"
        >
          <a
            class="sw-nav__links__item__link"
            href="/locations"
          >
            Locations
          </a>
        </li>
        <li
          class="sw-nav__links__item"
        >
          <a
            class="sw-nav__links__item__link"
            href="/vehicles"
          >
            Vehicles
          </a>
        </li>
      </ul>
    </div>
  </header>
</DocumentFragment>
`;
