// Jest Snapshot v1, https://goo.gl/fbAQLP

exports[`CharactersUi should render 1`] = `
<DocumentFragment>
  <div
    class="sw-pagination-section"
    data-testid="pagination-section"
  >
    <div
      class="sw-pagination-button sw-pagination-button--hidden"
      data-testid="left-pagination-button"
    >
      ←
    </div>
    <div
      class="sw-pagination-button sw-pagination-button--hidden"
      data-testid="right-pagination-button"
    >
      →
    </div>
  </div>
  <div
    class="sw-characters"
  >
    <div
      class="sw-characters-card"
    >
      <div
        class="sw-characters-card__tile"
      >
        <a
          class="sw-characters-card__tile__link"
          href="/character/1"
        >
          <div
            class="sw-characters-card__tile__link__image-wrapper"
          >
            <img
              alt="Star wars character"
              loading="lazy"
              src="./characters/1.jpg"
            />
          </div>
          <h5
            class="sw-characters-card__tile__link__text"
          >
            Character1
          </h5>
        </a>
      </div>
    </div>
    <div
      class="sw-characters-card"
    >
      <div
        class="sw-characters-card__tile"
      >
        <a
          class="sw-characters-card__tile__link"
          href="/character/2"
        >
          <div
            class="sw-characters-card__tile__link__image-wrapper"
          >
            <img
              alt="Star wars character"
              loading="lazy"
              src="./characters/2.jpg"
            />
          </div>
          <h5
            class="sw-characters-card__tile__link__text"
          >
            Character2
          </h5>
        </a>
      </div>
    </div>
    <div
      class="sw-characters-card"
    >
      <div
        class="sw-characters-card__tile"
      >
        <a
          class="sw-characters-card__tile__link"
          href="/character/3"
        >
          <div
            class="sw-characters-card__tile__link__image-wrapper"
          >
            <img
              alt="Star wars character"
              loading="lazy"
              src="./characters/3.jpg"
            />
          </div>
          <h5
            class="sw-characters-card__tile__link__text"
          >
            Character3
          </h5>
        </a>
      </div>
    </div>
    <div
      class="sw-characters-card"
    >
      <div
        class="sw-characters-card__tile"
      >
        <a
          class="sw-characters-card__tile__link"
          href="/character/4"
        >
          <div
            class="sw-characters-card__tile__link__image-wrapper"
          >
            <img
              alt="Star wars character"
              loading="lazy"
              src="./characters/4.jpg"
            />
          </div>
          <h5
            class="sw-characters-card__tile__link__text"
          >
            Character4
          </h5>
        </a>
      </div>
    </div>
    <div
      class="sw-characters-card"
    >
      <div
        class="sw-characters-card__tile"
      >
        <a
          class="sw-characters-card__tile__link"
          href="/character/5"
        >
          <div
            class="sw-characters-card__tile__link__image-wrapper"
          >
            <img
              alt="Star wars character"
              loading="lazy"
              src="./characters/5.jpg"
            />
          </div>
          <h5
            class="sw-characters-card__tile__link__text"
          >
            Character5
          </h5>
        </a>
      </div>
    </div>
  </div>
</DocumentFragment>
`;
