// Jest Snapshot v1, https://goo.gl/fbAQLP

exports[`LocationDetailsUi should render 1`] = `
<DocumentFragment>
  <div
    class="sw-location-detail"
  >
    <div
      class="sw-location-detail__name"
    >
      <h2>
        Location2
      </h2>
    </div>
    <div
      class="sw-location-detail__image-wrapper"
    >
      <div
        class="sw-location-detail__image-wrapper__display-spinner"
      >
        <div
          class="sw-spinner"
        >
          <span
            style="display: inherit; position: relative; width: 25px; height: 5px; overflow: hidden; background-color: black; background-clip: padding-box; border-radius: 5px;"
          >
            <span
              style="position: absolute; height: 5px; overflow: hidden; background-color: rgb(0, 0, 0); background-clip: padding-box; display: block; border-radius: 2px; will-change: left, right; animation-fill-mode: forwards; animation: react-spinners-BarLoader-long Infinitys  cubic-bezier(0.65, 0.815, 0.735, 0.395) infinite;"
            />
            <span
              style="position: absolute; height: 5px; overflow: hidden; background-color: rgb(0, 0, 0); background-clip: padding-box; display: block; border-radius: 2px; will-change: left, right; animation-fill-mode: forwards; animation: react-spinners-BarLoader-short Infinitys Infinitys cubic-bezier(0.165, 0.84, 0.44, 1) infinite;"
            />
          </span>
          <span
            style="display: inherit; position: relative; width: 100px; height: 5px; overflow: hidden; background-color: rgba(0, 0, 0, 0.2); background-clip: padding-box; border-radius: 5px;"
          >
            <span
              style="position: absolute; height: 5px; overflow: hidden; background-color: rgb(0, 0, 0); background-clip: padding-box; display: block; border-radius: 2px; will-change: left, right; animation-fill-mode: forwards; animation: react-spinners-BarLoader-long 2.1s  cubic-bezier(0.65, 0.815, 0.735, 0.395) infinite;"
            />
            <span
              style="position: absolute; height: 5px; overflow: hidden; background-color: rgb(0, 0, 0); background-clip: padding-box; display: block; border-radius: 2px; will-change: left, right; animation-fill-mode: forwards; animation: react-spinners-BarLoader-short 2.1s 1.15s cubic-bezier(0.165, 0.84, 0.44, 1) infinite;"
            />
          </span>
        </div>
      </div>
      <img
        alt="Star wars location"
        class="sw-location-detail__image-wrapper__hide_img"
        src="./locations/3.jpg"
      />
    </div>
    <div
      class="sw-location-detail__details"
    >
      <p>
        <strong>
          Population:
        </strong>
         5343
      </p>
      <hr />
      <p>
        <strong>
          Residents:
        </strong>
         
        <a
          class="sw-location-detail__details__link"
          href="/character/2"
        >
          Character2
        </a>
      </p>
    </div>
  </div>
  <div
    class="sw-pagination-section sw-pagination-section--center"
    data-testid="pagination-section"
  >
    <div
      class="sw-pagination-button "
      data-testid="left-pagination-button"
    >
      ←
    </div>
    <div
      class="sw-pagination-button "
      data-testid="right-pagination-button"
    >
      →
    </div>
  </div>
</DocumentFragment>
`;
