// Jest Snapshot v1, https://goo.gl/fbAQLP

exports[`Vehicles should render 1`] = `
<DocumentFragment>
  <div
    class="sw-pagination-section"
    data-testid="pagination-section"
  >
    <div
      class="sw-pagination-button sw-pagination-button--hidden"
      data-testid="left-pagination-button"
    >
      ←
    </div>
    <div
      class="sw-pagination-button sw-pagination-button--hidden"
      data-testid="right-pagination-button"
    >
      →
    </div>
  </div>
  <div
    class="sw-vehicles"
  >
    <div
      class="sw-vehicles-card"
    >
      <div
        class="sw-vehicles-card__tile"
      >
        <a
          class="sw-vehicles-card__tile__link"
          href="/vehicle/1"
        >
          <div
            class="sw-vehicles-card__tile__link__image-wrapper"
          >
            <img
              alt="Star wars vehicle"
              src="./vehicles/1.jpg"
            />
          </div>
          <h5
            class="sw-vehicles-card__tile__link__text"
          >
            Vehicle1
          </h5>
        </a>
      </div>
    </div>
    <div
      class="sw-vehicles-card"
    >
      <div
        class="sw-vehicles-card__tile"
      >
        <a
          class="sw-vehicles-card__tile__link"
          href="/vehicle/2"
        >
          <div
            class="sw-vehicles-card__tile__link__image-wrapper"
          >
            <img
              alt="Star wars vehicle"
              src="./vehicles/2.jpg"
            />
          </div>
          <h5
            class="sw-vehicles-card__tile__link__text"
          >
            Vehicle2
          </h5>
        </a>
      </div>
    </div>
    <div
      class="sw-vehicles-card"
    >
      <div
        class="sw-vehicles-card__tile"
      >
        <a
          class="sw-vehicles-card__tile__link"
          href="/vehicle/3"
        >
          <div
            class="sw-vehicles-card__tile__link__image-wrapper"
          >
            <img
              alt="Star wars vehicle"
              src="./vehicles/3.jpg"
            />
          </div>
          <h5
            class="sw-vehicles-card__tile__link__text"
          >
            Vehicle3
          </h5>
        </a>
      </div>
    </div>
    <div
      class="sw-vehicles-card"
    >
      <div
        class="sw-vehicles-card__tile"
      >
        <a
          class="sw-vehicles-card__tile__link"
          href="/vehicle/4"
        >
          <div
            class="sw-vehicles-card__tile__link__image-wrapper"
          >
            <img
              alt="Star wars vehicle"
              src="./vehicles/4.jpg"
            />
          </div>
          <h5
            class="sw-vehicles-card__tile__link__text"
          >
            Vehicle4
          </h5>
        </a>
      </div>
    </div>
    <div
      class="sw-vehicles-card"
    >
      <div
        class="sw-vehicles-card__tile"
      >
        <a
          class="sw-vehicles-card__tile__link"
          href="/vehicle/5"
        >
          <div
            class="sw-vehicles-card__tile__link__image-wrapper"
          >
            <img
              alt="Star wars vehicle"
              src="./vehicles/5.jpg"
            />
          </div>
          <h5
            class="sw-vehicles-card__tile__link__text"
          >
            Vehicle5
          </h5>
        </a>
      </div>
    </div>
  </div>
</DocumentFragment>
`;
