// Jest Snapshot v1, https://goo.gl/fbAQLP

exports[`VehicleDetailsPage should render 1`] = `
<DocumentFragment>
  <div
    class="sw-vehicle-detail"
  >
    <div
      class="sw-vehicle-detail__image-wrapper"
    >
      <img
        alt="Star wars vehicle"
        src="/vehicles/1.jpg"
      />
    </div>
    <div
      class="sw-vehicle-detail__name"
    >
      <h2>
        Vehicle1
      </h2>
      <p>
        <strong>
          Vehicle type:
        </strong>
         Air speeder
      </p>
    </div>
    <div
      class="sw-vehicle-detail__details"
    >
      <p>
        <strong>
          Famous pilots:
        </strong>
         No famous pilots
      </p>
    </div>
  </div>
  <div
    class="sw-pagination-section sw-pagination-section--center"
    data-testid="pagination-section"
  >
    <div
      class="sw-pagination-button "
      data-testid="left-pagination-button"
    >
      ←
    </div>
    <div
      class="sw-pagination-button "
      data-testid="right-pagination-button"
    >
      →
    </div>
  </div>
</DocumentFragment>
`;
