// Jest Snapshot v1, https://goo.gl/fbAQLP

exports[`Locations should render 1`] = `
<DocumentFragment>
  <div
    class="sw-pagination-section"
    data-testid="pagination-section"
  >
    <div
      class="sw-pagination-button sw-pagination-button--hidden"
      data-testid="left-pagination-button"
    >
      ←
    </div>
    <div
      class="sw-pagination-button sw-pagination-button--hidden"
      data-testid="right-pagination-button"
    >
      →
    </div>
  </div>
  <div
    class="sw-locations"
  >
    <div
      class="sw-locations-card"
    >
      <div
        class="sw-locations-card__tile"
      >
        <a
          class="sw-locations-card__tile__link"
          href="/location/1"
        >
          <h5
            class="sw-locations-card__tile__link__text"
          >
            Location1
          </h5>
          <div
            class="sw-locations-card__tile__link__image-wrapper"
          >
            <img
              alt="Star wars planet"
              src="/locations/1.jpg"
            />
          </div>
        </a>
      </div>
    </div>
    <div
      class="sw-locations-card"
    >
      <div
        class="sw-locations-card__tile"
      >
        <a
          class="sw-locations-card__tile__link"
          href="/location/2"
        >
          <h5
            class="sw-locations-card__tile__link__text"
          >
            Location2
          </h5>
          <div
            class="sw-locations-card__tile__link__image-wrapper"
          >
            <img
              alt="Star wars planet"
              src="/locations/2.jpg"
            />
          </div>
        </a>
      </div>
    </div>
    <div
      class="sw-locations-card"
    >
      <div
        class="sw-locations-card__tile"
      >
        <a
          class="sw-locations-card__tile__link"
          href="/location/3"
        >
          <h5
            class="sw-locations-card__tile__link__text"
          >
            Location3
          </h5>
          <div
            class="sw-locations-card__tile__link__image-wrapper"
          >
            <img
              alt="Star wars planet"
              src="/locations/3.jpg"
            />
          </div>
        </a>
      </div>
    </div>
    <div
      class="sw-locations-card"
    >
      <div
        class="sw-locations-card__tile"
      >
        <a
          class="sw-locations-card__tile__link"
          href="/location/4"
        >
          <h5
            class="sw-locations-card__tile__link__text"
          >
            Location4
          </h5>
          <div
            class="sw-locations-card__tile__link__image-wrapper"
          >
            <img
              alt="Star wars planet"
              src="/locations/4.jpg"
            />
          </div>
        </a>
      </div>
    </div>
    <div
      class="sw-locations-card"
    >
      <div
        class="sw-locations-card__tile"
      >
        <a
          class="sw-locations-card__tile__link"
          href="/location/5"
        >
          <h5
            class="sw-locations-card__tile__link__text"
          >
            Location5
          </h5>
          <div
            class="sw-locations-card__tile__link__image-wrapper"
          >
            <img
              alt="Star wars planet"
              src="/locations/5.jpg"
            />
          </div>
        </a>
      </div>
    </div>
  </div>
</DocumentFragment>
`;
